NetLoc casadepartida.best/
NetLoc gobuynewone.best/
NetLoc cubabucas.xyz/
NetLoc cubefresno.best/
