RsaKey n=11752370188818234234367932984885459542854166340237087662006434322123117188694577648403840181786403017994618634701561673771068638661466408611383826900169189 e=65537
NetLoc settings-win.data.microsoft.com
NetLoc accrualdewd.xyz
