Key other:0375D444671E5EA35D9542CEECF4596EB409F15BF99966B9DDA825132B46D87A
NetLoc stocks-sale.org/
NetLoc casualtoken.com/
NetLoc stcok.info/
NetLoc simmodule.com/
NetLoc zepsearch.org/
NetLoc mmoscript.com/
NetLoc casualunit.com/
NetLoc lightuna.org/
NetLoc farmarco.co/
NetLoc casualmodule.com/
NetLoc orangeadier.com/
NetLoc atomitz.com/
NetLoc make-light.net/
NetLoc battletoken.com/
NetLoc grayadier.com/
NetLoc atommbo.com/
NetLoc blueovator.com/
NetLoc zeps-quick.com/
NetLoc york-stock.info/
NetLoc lgiht.com/
NetLoc atomivee.com/
NetLoc zeps-extra.com/
NetLoc hyper-zeps.org/
NetLoc sotck.net/
NetLoc shed-light.org/
NetLoc adventuretoken.com/
NetLoc zepset.org/
NetLoc atomiyo.com/
NetLoc zeps-java.org/
NetLoc their-stock.net/
NetLoc zepsoft.net/
NetLoc graysetter.com/
NetLoc zeps-extra.info/
NetLoc picozzle.com/
NetLoc this-light.org/
NetLoc orangeoneer.com/
NetLoc competebit.com/
NetLoc competebase.com/
NetLoc light-sky.org/
NetLoc strategytoken.com/
NetLoc atomijo.com/
NetLoc blackovator.com/
NetLoc the-zeps.org/
NetLoc this-light.info/
NetLoc york-stock.net/
NetLoc make-light.info/
NetLoc lgiht.net/
NetLoc mmoset.com/
NetLoc strategytag.com/
NetLoc zesp.info/
NetLoc consolestate.com/
NetLoc consolescript.com/
NetLoc atomnix.com/
NetLoc consoleload.com/
NetLoc the-zeps.net/
NetLoc pintdo.com/
NetLoc consolemodule.com/
NetLoc stokc.info/
NetLoc zeps-now.org/
NetLoc blueoneer.com/
NetLoc atominix.com/
NetLoc make-light.org/
NetLoc blackoneer.com/
NetLoc zeps-post.org/
NetLoc zeps-mart.net/
NetLoc orangesetter.com/
NetLoc low-light.info/
NetLoc dim-light.org/
NetLoc atomzio.com/
NetLoc micrombo.com/
NetLoc minivee.com/
NetLoc battleload.com/
NetLoc light-tuna.com/
NetLoc same-light.info/
NetLoc nasdaq-stock.info/
NetLoc some-light.org/
NetLoc london-stock.com/
NetLoc brownonaut.com/
NetLoc some-light.net/
NetLoc 411-zeps.net/
NetLoc strategystate.com/
NetLoc low-light.net/
NetLoc atomizu.com/
NetLoc grayonaut.com/
NetLoc zeps-card.org/
NetLoc blackadier.com/
NetLoc london-stock.net/
NetLoc atomido.com/
NetLoc atomideo.com/
NetLoc competescript.com/
NetLoc no-light.info/
NetLoc competemodule.com/
NetLoc same-light.net/
NetLoc competeset.com/
NetLoc zepsoft.org/
NetLoc orangechief.com/
NetLoc consoletoken.com/
NetLoc brownchief.com/
NetLoc lightuna.info/
NetLoc greenadier.com/
NetLoc competeserver.com/
NetLoc lightuna.com/
NetLoc atomizzle.com/
NetLoc picotz.com/
NetLoc atomtz.com/
NetLoc zepset.info/
NetLoc 411-zeps.com/
NetLoc hyper-zeps.net/
NetLoc some-light.info/
NetLoc stocks-sale.info/
NetLoc battlemodule.com/
NetLoc zeps-peak.com/
NetLoc consoletag.com/
NetLoc pinkoneer.com/
NetLoc greenonaut.com/
NetLoc zepsoft.info/
NetLoc zeps-soft.info/
NetLoc york-stock.org/
NetLoc lgiht.info/
NetLoc mmounit.com/
NetLoc picombo.com/
NetLoc lightuna.net/
NetLoc lihgt.net/
NetLoc hyper-zeps.com/
NetLoc atomndo.com/
NetLoc zeps-quick.org/
NetLoc casualload.com/
NetLoc atomzzle.com/
NetLoc stock-swap.net/
NetLoc light-tuna.net/
NetLoc casualmap.com/
NetLoc consoleserv.com/
NetLoc zesp.org/
NetLoc london-stock.info/
NetLoc pintjo.com/
NetLoc sotck.info/
NetLoc atomindo.com/
NetLoc sotck.org/
NetLoc blueadier.com/
NetLoc their-stock.org/
NetLoc brownmajor.com/
NetLoc orangepilot.com/
NetLoc casualsystem.com/
NetLoc light-tuna.org/
NetLoc atomiba.com/
NetLoc stock-quotes.info/
NetLoc low-light.org/
NetLoc their-stock.com/
NetLoc strategyload.com/
NetLoc lightrucks.info/
NetLoc picojo.com/
NetLoc light-upon.info/
NetLoc competestate.com/
NetLoc graychief.com/
NetLoc picodeo.com/
CampaignId: dobre_zbiory
