RsaKey n=20717578436666370206990156461786566788132748458910865354994919388630407187082788932551065567891365033974994995141358277530021944793516607142737605543772104350635734672485498640041982499636009940196953103877199811371834197299886690010229547993815721647414299018829914480336700775760032044922438942690008663278856440487164946050309668972730239620373400036156807226902415414689227139343695179004305146177952041410093920067335850237232148134221904306706694425837140102211178161590920721365317540938040383023194954613997204876850415109848188765254167924483000246775174171501733414326729845936854172715365200925796295269097 e=65537
Key rc4:a7887cc809cf0d4df17fc5dafd03e4e7
NetLoc 150.219.156.87:80
NetLoc 59.34.180.235:38232
NetLoc 169.136.157.237:80
NetLoc 62.220.112.204:443
NetLoc 18.56.29.198:80
NetLoc 218.216.127.77:80
NetLoc 21.41.239.107:80
NetLoc 100.166.63.24:80
NetLoc 106.192.26.7:80
NetLoc 195.69.139.52:443
NetLoc 243.69.73.16:80
NetLoc 137.234.227.8:80
NetLoc 55.29.95.39:80
NetLoc 125.138.46.188:80
NetLoc 191.38.99.216:443
NetLoc 17.155.112.156:80
NetLoc 129.143.21.202:8080
NetLoc 32.84.137.4:443
NetLoc 191.59.120.31:80
NetLoc 255.155.235.46:80
NetLoc 141.236.125.239:80
NetLoc 169.1.96.26:443
NetLoc 48.155.43.68:443
NetLoc 202.100.184.83:80
NetLoc 20.19.162.140:80
NetLoc 3.140.205.238:80
NetLoc 37.123.165.161:443
NetLoc 106.74.107.202:80
NetLoc 8.249.254.51:80
NetLoc 99.252.161.28:80
NetLoc 9.48.98.170:80
NetLoc 147.173.72.96:443
NetLoc 1.132.22.166:443
NetLoc 129.16.111.236:80
NetLoc 210.243.212.209:8080
NetLoc 18.53.35.179:80
NetLoc 114.187.128.212:80
NetLoc 60.103.18.131:80
NetLoc 172.132.76.194:443
NetLoc 113.67.58.224:80
NetLoc 20.179.35.232:80
NetLoc 73.249.184.108:80
NetLoc 9.222.103.137:443
NetLoc 204.197.26.221:443
NetLoc 224.138.203.45:80
NetLoc 244.157.143.47:80
NetLoc 190.67.48.224:80
NetLoc 180.42.36.109:80
NetLoc 208.118.116.55:80
NetLoc 4.195.63.225:25900
NetLoc 32.107.214.76:80
NetLoc 203.233.71.250:443
NetLoc 6.61.150.230:80
NetLoc 75.16.138.183:80
NetLoc 90.45.25.145:443
NetLoc 63.149.238.126:80
NetLoc 249.158.225.208:80
NetLoc 156.211.224.150:43912
NetLoc 229.210.208.203:80
NetLoc 27.219.195.210:80
NetLoc 30.255.153.175:80
NetLoc 216.69.26.86:80
NetLoc 182.180.65.173:443
NetLoc 197.45.165.116:443
NetLoc 79.101.37.210:80
NetLoc 12.25.99.130:80
NetLoc 50.56.242.72:8080
NetLoc 187.108.195.8:8080
NetLoc 212.219.93.114:443
NetLoc 138.4.86.20:8080
NetLoc 132.247.145.147:443
NetLoc 209.159.149.156:443
NetLoc 202.191.121.100:443
NetLoc 20.243.155.227:443
NetLoc 53.128.177.21:8080
NetLoc 235.250.233.187:80
NetLoc 35.214.161.230:443
NetLoc 34.5.168.186:443
NetLoc 210.147.248.235:443
NetLoc 254.220.78.226:47857
NetLoc 130.99.108.151:443
NetLoc 87.145.98.19:80
NetLoc 133.232.247.107:80
NetLoc 25.111.58.211:80
NetLoc 13.102.27.247:80
NetLoc 205.246.43.28:80
NetLoc 229.157.60.81:8080
NetLoc 180.168.197.23:80
NetLoc 29.156.163.20:443
NetLoc 53.44.118.111:80
NetLoc 123.100.180.115:43893
NetLoc 129.105.221.156:443
NetLoc 194.58.126.20:80
NetLoc 50.188.52.73:80
NetLoc 80.228.26.99:80
NetLoc 143.97.189.141:32240
NetLoc 241.174.170.164:28721
NetLoc 20.129.203.86:80
NetLoc 6.211.88.116:80
NetLoc 20.168.78.137:80
NetLoc 163.91.30.241:27879
NetLoc 174.120.121.230:39788
NetLoc 39.144.13.86:80
NetLoc 142.34.249.209:443
NetLoc 204.42.154.209:80
NetLoc 66.32.198.58:80
NetLoc 105.149.112.90:80
NetLoc 238.9.247.103:80
NetLoc 141.127.109.227:35000
NetLoc 250.5.29.204:80
NetLoc 232.245.197.186:80
NetLoc 8.218.248.66:80
NetLoc 97.215.155.187:80
NetLoc 138.196.78.240:80
NetLoc 173.126.49.27:443
NetLoc 84.22.102.112:80
NetLoc 145.89.215.87:8080
NetLoc 10.94.237.3:80
NetLoc 25.100.119.180:443
NetLoc 206.63.226.28:80
NetLoc 149.201.173.198:80
NetLoc 15.26.248.116:8080
NetLoc 218.5.226.178:80
NetLoc 245.187.185.226:80
NetLoc 90.251.34.209:443
NetLoc 65.159.238.36:443
NetLoc 30.184.131.202:443
NetLoc 103.216.152.95:80
NetLoc 34.58.82.4:80
NetLoc 249.167.103.219:47074
NetLoc 192.214.135.145:80
NetLoc 199.48.116.234:80
NetLoc 163.109.92.34:42753
