RsaKey n=140287225539891372288370163333383608191668308305574916287484657625128871155095786217555437375383528205257458947995417410242029209737202821882501372407767882058722372147852820605589972732547507782844862241052606176197024551529336766328510975877123555576602312784368167182467079098159138841895773647984788201603 e=65537
NetLoc 178.32.31.41/
NetLoc 95.211.195.245/
NetLoc 94.231.81.244/
NetLoc 91.213.8.35/
NetLoc 151.236.6.6/
NetLoc 119.252.20.75/
NetLoc 198.100.146.51/
NetLoc 192.121.170.170/
NetLoc 78.47.34.12/
NetLoc 108.61.210.58/
NetLoc 109.69.8.34/
NetLoc 87.98.175.85/
NetLoc 106.186.17.181/
NetLoc 107.170.95.180/
NetLoc npkxghmoru.biz/
Mutex NitrGB
